// Jest Snapshot v1, https://goo.gl/fbAQLP

exports[`Text Renders Correctly 1`] = `
<RCTScrollView
  alwaysBounceVertical={false}
  bounces={false}
  bouncesZoom={false}
  contentContainerStyle={
    Object {
      "flexGrow": 1,
    }
  }
  contentInsetAdjustmentBehavior="automatic"
  style={
    Object {
      "flex": 1,
      "height": "100%",
    }
  }
>
  <View>
    <RCTSafeAreaView
      emulateUnlessSupported={true}
      flex={1}
      style={
        Array [
          Object {},
        ]
      }
    >
      <View
        style={
          Array [
            Object {
              "display": "flex",
              "flex": 1,
              "paddingHorizontal": 24,
              "paddingTop": 40,
            },
          ]
        }
      >
        <View
          style={
            Array [
              Object {
                "display": "flex",
                "marginBottom": 16,
              },
            ]
          }
        >
          <View
            style={
              Object {
                "marginBottom": 10,
              }
            }
          >
            <View
              style={
                Object {
                  "alignSelf": "flex-start",
                  "flexDirection": "row",
                  "marginBottom": 10,
                }
              }
            >
              <Text
                style={Object {}}
              >
                <Text
                  style={
                    Array [
                      Object {
                        "color": "#212529",
                        "fontFamily": "Inter",
                        "fontSize": 30,
                        "fontWeight": "bold",
                      },
                      Object {},
                    ]
                  }
                >
                  What is this experiment?
                </Text>
              </Text>
            </View>
          </View>
        </View>
        <View
          style={
            Array [
              Object {
                "display": "flex",
                "paddingBottom": 32,
                "paddingTop": 8,
              },
            ]
          }
        >
          <Text
            style={
              Array [
                Object {
                  "color": "#212529",
                  "display": "flex",
                  "fontFamily": "Inter",
                  "fontSize": 20,
                  "fontWeight": "600",
                  "marginBottom": 8,
                },
              ]
            }
          >
            1. Do you have a pre-existing heart condition?
          </Text>
          <View
            style={
              Array [
                Object {
                  "display": "flex",
                },
              ]
            }
          >
            <View
              style={
                Object {
                  "marginBottom": 10,
                }
              }
            >
              <View
                style={
                  Object {
                    "alignItems": "flex-start",
                    "flexDirection": "row",
                    "flexWrap": "wrap",
                    "justifyContent": "flex-start",
                    "marginBottom": 10,
                    "marginTop": 10,
                    "width": "100%",
                  }
                }
              >
                <Text
                  style={Object {}}
                >
                  <Text
                    style={
                      Array [
                        Object {
                          "color": "#212529",
                          "fontFamily": "Inter",
                          "fontSize": 16,
                          "fontWeight": "500",
                        },
                        Object {},
                      ]
                    }
                  >
                    This question is required and must be ‘No’.
                  </Text>
                </Text>
              </View>
            </View>
          </View>
          <View
            name="1. Do you have a pre-existing heart condition?"
            style={
              Array [
                Object {
                  "alignItems": "center",
                  "display": "flex",
                  "flexDirection": "row",
                  "justifyContent": "space-between",
                  "marginTop": 16,
                  "width": "100%",
                },
              ]
            }
          >
            <View
              accessible={true}
              focusable={true}
              onClick={[Function]}
              onResponderGrant={[Function]}
              onResponderMove={[Function]}
              onResponderRelease={[Function]}
              onResponderTerminate={[Function]}
              onResponderTerminationRequest={[Function]}
              onStartShouldSetResponder={[Function]}
              style={
                Object {
                  "flex": 1,
                  "flexDirection": "row",
                  "opacity": 1,
                  "width": "100%",
                }
              }
            >
              <View
                accessibilityLabel="No"
                style={
                  Array [
                    Object {
                      "alignItems": "center",
                      "display": "flex",
                      "height": 70,
                      "justifyContent": "center",
                      "width": "100%",
                    },
                    Array [
                      Object {
                        "backgroundColor": "#EAE3FF",
                        "borderRadius": 8,
                        "marginRight": 8,
                      },
                    ],
                  ]
                }
              >
                <Text
                  style={
                    Array [
                      Object {
                        "color": "#5E44AE",
                        "display": "flex",
                        "fontFamily": "Inter-SemiBold",
                        "fontSize": 20,
                        "fontWeight": "700",
                      },
                    ]
                  }
                >
                  No
                </Text>
              </View>
            </View>
            <View
              accessible={true}
              focusable={true}
              onClick={[Function]}
              onResponderGrant={[Function]}
              onResponderMove={[Function]}
              onResponderRelease={[Function]}
              onResponderTerminate={[Function]}
              onResponderTerminationRequest={[Function]}
              onStartShouldSetResponder={[Function]}
              style={
                Object {
                  "flex": 1,
                  "flexDirection": "row",
                  "opacity": 1,
                  "width": "100%",
                }
              }
            >
              <View
                accessibilityLabel="Yes"
                style={
                  Array [
                    Object {
                      "alignItems": "center",
                      "display": "flex",
                      "height": 70,
                      "justifyContent": "center",
                      "width": "100%",
                    },
                    Array [
                      Object {
                        "backgroundColor": "#EAE3FF",
                        "borderRadius": 8,
                        "marginLeft": 8,
                      },
                    ],
                  ]
                }
              >
                <Text
                  style={
                    Array [
                      Object {
                        "color": "#5E44AE",
                        "display": "flex",
                        "fontFamily": "Inter-SemiBold",
                        "fontSize": 20,
                        "fontWeight": "700",
                      },
                    ]
                  }
                >
                  Yes
                </Text>
              </View>
            </View>
          </View>
        </View>
        <View
          style={
            Array [
              Object {
                "display": "flex",
                "paddingBottom": 32,
                "paddingTop": 8,
              },
            ]
          }
        >
          <Text
            style={
              Array [
                Object {
                  "color": "#212529",
                  "display": "flex",
                  "fontFamily": "Inter",
                  "fontSize": 20,
                  "fontWeight": "600",
                  "marginBottom": 8,
                },
              ]
            }
          >
            2. Do you suffer from PTSD?
          </Text>
          <View
            style={
              Array [
                Object {
                  "display": "flex",
                },
              ]
            }
          >
            <View
              style={
                Object {
                  "marginBottom": 10,
                }
              }
            >
              <View
                style={
                  Object {
                    "alignItems": "flex-start",
                    "flexDirection": "row",
                    "flexWrap": "wrap",
                    "justifyContent": "flex-start",
                    "marginBottom": 10,
                    "marginTop": 10,
                    "width": "100%",
                  }
                }
              >
                <Text
                  style={Object {}}
                >
                  <Text
                    style={
                      Array [
                        Object {
                          "color": "#212529",
                          "fontFamily": "Inter",
                          "fontSize": 16,
                          "fontWeight": "500",
                        },
                        Object {},
                      ]
                    }
                  >
                    This question is not required and any response is valid.
                  </Text>
                </Text>
              </View>
            </View>
          </View>
          <View
            name="2. Do you suffer from PTSD?"
            style={
              Array [
                Object {
                  "alignItems": "center",
                  "display": "flex",
                  "flexDirection": "row",
                  "justifyContent": "space-between",
                  "marginTop": 16,
                  "width": "100%",
                },
              ]
            }
          >
            <View
              accessible={true}
              focusable={true}
              onClick={[Function]}
              onResponderGrant={[Function]}
              onResponderMove={[Function]}
              onResponderRelease={[Function]}
              onResponderTerminate={[Function]}
              onResponderTerminationRequest={[Function]}
              onStartShouldSetResponder={[Function]}
              style={
                Object {
                  "flex": 1,
                  "flexDirection": "row",
                  "opacity": 1,
                  "width": "100%",
                }
              }
            >
              <View
                accessibilityLabel="No"
                style={
                  Array [
                    Object {
                      "alignItems": "center",
                      "display": "flex",
                      "height": 70,
                      "justifyContent": "center",
                      "width": "100%",
                    },
                    Array [
                      Object {
                        "backgroundColor": "#EAE3FF",
                        "borderRadius": 8,
                        "marginRight": 8,
                      },
                    ],
                  ]
                }
              >
                <Text
                  style={
                    Array [
                      Object {
                        "color": "#5E44AE",
                        "display": "flex",
                        "fontFamily": "Inter-SemiBold",
                        "fontSize": 20,
                        "fontWeight": "700",
                      },
                    ]
                  }
                >
                  No
                </Text>
              </View>
            </View>
            <View
              accessible={true}
              focusable={true}
              onClick={[Function]}
              onResponderGrant={[Function]}
              onResponderMove={[Function]}
              onResponderRelease={[Function]}
              onResponderTerminate={[Function]}
              onResponderTerminationRequest={[Function]}
              onStartShouldSetResponder={[Function]}
              style={
                Object {
                  "flex": 1,
                  "flexDirection": "row",
                  "opacity": 1,
                  "width": "100%",
                }
              }
            >
              <View
                accessibilityLabel="Yes"
                style={
                  Array [
                    Object {
                      "alignItems": "center",
                      "display": "flex",
                      "height": 70,
                      "justifyContent": "center",
                      "width": "100%",
                    },
                    Array [
                      Object {
                        "backgroundColor": "#EAE3FF",
                        "borderRadius": 8,
                        "marginLeft": 8,
                      },
                    ],
                  ]
                }
              >
                <Text
                  style={
                    Array [
                      Object {
                        "color": "#5E44AE",
                        "display": "flex",
                        "fontFamily": "Inter-SemiBold",
                        "fontSize": 20,
                        "fontWeight": "700",
                      },
                    ]
                  }
                >
                  Yes
                </Text>
              </View>
            </View>
          </View>
        </View>
        <View
          style={
            Array [
              Object {
                "display": "flex",
                "paddingBottom": 32,
                "paddingTop": 8,
              },
            ]
          }
        >
          <Text
            style={
              Array [
                Object {
                  "color": "#212529",
                  "display": "flex",
                  "fontFamily": "Inter",
                  "fontSize": 20,
                  "fontWeight": "600",
                  "marginBottom": 8,
                },
              ]
            }
          >
            3. Do you have a diagnosed anxiety condtion?
          </Text>
          <View
            style={
              Array [
                Object {
                  "display": "flex",
                },
              ]
            }
          >
            <View
              style={
                Object {
                  "marginBottom": 10,
                }
              }
            >
              <View
                style={
                  Object {
                    "alignItems": "flex-start",
                    "flexDirection": "row",
                    "flexWrap": "wrap",
                    "justifyContent": "flex-start",
                    "marginBottom": 10,
                    "marginTop": 10,
                    "width": "100%",
                  }
                }
              >
                <Text
                  style={Object {}}
                >
                  <Text
                    style={
                      Array [
                        Object {
                          "color": "#212529",
                          "fontFamily": "Inter",
                          "fontSize": 16,
                          "fontWeight": "500",
                        },
                        Object {},
                      ]
                    }
                  >
                    This question is not required but a ‘Yes’ response screens out the user.
                  </Text>
                </Text>
              </View>
            </View>
          </View>
          <View
            name="3. Do you have a diagnosed anxiety condtion?"
            style={
              Array [
                Object {
                  "alignItems": "center",
                  "display": "flex",
                  "flexDirection": "row",
                  "justifyContent": "space-between",
                  "marginTop": 16,
                  "width": "100%",
                },
              ]
            }
          >
            <View
              accessible={true}
              focusable={true}
              onClick={[Function]}
              onResponderGrant={[Function]}
              onResponderMove={[Function]}
              onResponderRelease={[Function]}
              onResponderTerminate={[Function]}
              onResponderTerminationRequest={[Function]}
              onStartShouldSetResponder={[Function]}
              style={
                Object {
                  "flex": 1,
                  "flexDirection": "row",
                  "opacity": 1,
                  "width": "100%",
                }
              }
            >
              <View
                accessibilityLabel="No"
                style={
                  Array [
                    Object {
                      "alignItems": "center",
                      "display": "flex",
                      "height": 70,
                      "justifyContent": "center",
                      "width": "100%",
                    },
                    Array [
                      Object {
                        "backgroundColor": "#EAE3FF",
                        "borderRadius": 8,
                        "marginRight": 8,
                      },
                    ],
                  ]
                }
              >
                <Text
                  style={
                    Array [
                      Object {
                        "color": "#5E44AE",
                        "display": "flex",
                        "fontFamily": "Inter-SemiBold",
                        "fontSize": 20,
                        "fontWeight": "700",
                      },
                    ]
                  }
                >
                  No
                </Text>
              </View>
            </View>
            <View
              accessible={true}
              focusable={true}
              onClick={[Function]}
              onResponderGrant={[Function]}
              onResponderMove={[Function]}
              onResponderRelease={[Function]}
              onResponderTerminate={[Function]}
              onResponderTerminationRequest={[Function]}
              onStartShouldSetResponder={[Function]}
              style={
                Object {
                  "flex": 1,
                  "flexDirection": "row",
                  "opacity": 1,
                  "width": "100%",
                }
              }
            >
              <View
                accessibilityLabel="Yes"
                style={
                  Array [
                    Object {
                      "alignItems": "center",
                      "display": "flex",
                      "height": 70,
                      "justifyContent": "center",
                      "width": "100%",
                    },
                    Array [
                      Object {
                        "backgroundColor": "#EAE3FF",
                        "borderRadius": 8,
                        "marginLeft": 8,
                      },
                    ],
                  ]
                }
              >
                <Text
                  style={
                    Array [
                      Object {
                        "color": "#5E44AE",
                        "display": "flex",
                        "fontFamily": "Inter-SemiBold",
                        "fontSize": 20,
                        "fontWeight": "700",
                      },
                    ]
                  }
                >
                  Yes
                </Text>
              </View>
            </View>
          </View>
        </View>
        <View
          style={
            Array [
              Object {
                "borderTopColor": "#e4e9ed",
                "borderTopWidth": 2,
                "display": "flex",
                "paddingBottom": 24,
                "paddingTop": 24,
              },
            ]
          }
        >
          <View
            style={
              Array [
                Object {
                  "display": "flex",
                  "paddingBottom": 16,
                },
              ]
            }
          >
            <View
              style={
                Object {
                  "marginBottom": 10,
                }
              }
            >
              <View
                style={
                  Object {
                    "flexDirection": "row",
                  }
                }
              >
                <Text
                  style={Object {}}
                >
                  <Text
                    style={
                      Array [
                        Object {
                          "color": "#212529",
                          "fontFamily": "Inter",
                          "fontSize": 20,
                          "fontWeight": "600",
                        },
                        Object {},
                      ]
                    }
                  >
                    Ready to continue?
                  </Text>
                </Text>
              </View>
              <View
                style={
                  Object {
                    "alignItems": "flex-start",
                    "flexDirection": "row",
                    "flexWrap": "wrap",
                    "justifyContent": "flex-start",
                    "marginBottom": 10,
                    "marginTop": 10,
                    "width": "100%",
                  }
                }
              >
                <Text
                  style={Object {}}
                >
                  <Text
                    style={
                      Array [
                        Object {
                          "color": "#212529",
                          "fontFamily": "Inter",
                          "fontSize": 16,
                          "fontWeight": "500",
                        },
                        Object {},
                      ]
                    }
                  >
                    Please make sure all of the above criteria are answered correctly. This is essential to the integreity of the your data.
                  </Text>
                </Text>
              </View>
            </View>
          </View>
          <View
            accessible={true}
            focusable={true}
            onClick={[Function]}
            onResponderGrant={[Function]}
            onResponderMove={[Function]}
            onResponderRelease={[Function]}
            onResponderTerminate={[Function]}
            onResponderTerminationRequest={[Function]}
            onStartShouldSetResponder={[Function]}
            style={
              Object {
                "flex": 0,
                "flexDirection": "row",
                "opacity": 1,
                "width": "100%",
              }
            }
            testID="ContinueButton"
          >
            <View
              style={
                Array [
                  Object {
                    "alignItems": "center",
                    "display": "flex",
                    "justifyContent": "center",
                    "width": "100%",
                  },
                  Array [
                    Object {
                      "backgroundColor": "#5E44AE",
                      "borderRadius": 8,
                      "height": 60,
                      "marginTop": 8,
                      "paddingVertical": 16,
                    },
                  ],
                ]
              }
            >
              <Text
                style={
                  Array [
                    Object {
                      "color": "#FFFF",
                      "display": "flex",
                      "fontFamily": "Inter-SemiBold",
                      "fontSize": 20,
                    },
                  ]
                }
              >
                Continue
              </Text>
            </View>
          </View>
          <View
            accessible={true}
            focusable={true}
            onClick={[Function]}
            onResponderGrant={[Function]}
            onResponderMove={[Function]}
            onResponderRelease={[Function]}
            onResponderTerminate={[Function]}
            onResponderTerminationRequest={[Function]}
            onStartShouldSetResponder={[Function]}
            style={
              Object {
                "flex": 0,
                "flexDirection": "row",
                "opacity": 1,
                "width": "100%",
              }
            }
            testID="ExitButton"
          >
            <View
              style={
                Array [
                  Object {
                    "alignItems": "center",
                    "display": "flex",
                    "justifyContent": "center",
                    "width": "100%",
                  },
                  Array [
                    Object {
                      "backgroundColor": "#ff4757",
                      "borderRadius": 8,
                      "marginTop": 8,
                      "paddingVertical": 16,
                    },
                  ],
                ]
              }
            >
              <Text
                style={
                  Array [
                    Object {
                      "color": "#FFFF",
                      "display": "flex",
                      "fontFamily": "Inter-SemiBold",
                      "fontSize": 20,
                    },
                  ]
                }
              >
                Exit Experiment
              </Text>
            </View>
          </View>
        </View>
      </View>
    </RCTSafeAreaView>
  </View>
</RCTScrollView>
`;
