// Jest Snapshot v1, https://goo.gl/fbAQLP

exports[`Text Renders Correctly 1`] = `
<RCTScrollView
  alwaysBounceVertical={false}
  bounces={false}
  bouncesZoom={false}
  contentContainerStyle={
    Object {
      "flexGrow": 1,
    }
  }
  contentInsetAdjustmentBehavior="automatic"
  style={
    Object {
      "backgroundColor": "#70C1B3",
      "flex": 1,
      "height": "100%",
    }
  }
>
  <View>
    <RCTSafeAreaView
      emulateUnlessSupported={true}
      flex={1}
      style={
        Array [
          Object {},
        ]
      }
    >
      <View
        style={
          Array [
            Object {
              "alignItems": "center",
              "display": "flex",
              "flex": 1,
              "flexDirection": "column",
              "paddingHorizontal": 24,
              "paddingTop": 32,
            },
          ]
        }
      >
        <View
          style={
            Array [
              Object {
                "alignItems": "center",
                "display": "flex",
                "flexDirection": "row",
                "justifyContent": "center",
                "width": "100%",
              },
            ]
          }
        >
          <Image
            height="100%"
            maxHeight={150}
            maxWidth={150}
            opacity={0.8}
            resizeMode="contain"
            source={1}
            style={
              Array [
                Object {},
              ]
            }
            width="100%"
          />
        </View>
        <Text
          style={
            Array [
              Object {
                "alignSelf": "flex-start",
                "color": "#212529",
                "display": "flex",
                "fontFamily": "Inter-Light",
                "fontSize": 26,
                "fontWeight": "bold",
                "marginBottom": 12,
                "marginTop": 32,
              },
            ]
          }
        >
          Thank you for your interest in the FLARe app.
        </Text>
        <View
          style={
            Array [
              Object {
                "display": "flex",
                "width": "100%",
              },
            ]
          }
        >
          <Text
            style={
              Array [
                Object {
                  "color": "#212529",
                  "display": "flex",
                  "fontSize": 18,
                  "fontWeight": "500",
                  "marginTop": 8,
                  "padding": 0,
                },
              ]
            }
          />
        </View>
        <View
          style={
            Array [
              Object {
                "display": "flex",
                "flex": 1,
                "flexDirection": "column",
                "height": "100%",
                "justifyContent": "flex-end",
                "marginTop": 24,
                "paddingBottom": 24,
              },
            ]
          }
        >
          <View
            accessible={true}
            focusable={true}
            onClick={[Function]}
            onResponderGrant={[Function]}
            onResponderMove={[Function]}
            onResponderRelease={[Function]}
            onResponderTerminate={[Function]}
            onResponderTerminationRequest={[Function]}
            onStartShouldSetResponder={[Function]}
            style={
              Object {
                "flex": 0,
                "flexDirection": "row",
                "opacity": 1,
                "width": "100%",
              }
            }
            testID="ExitButton"
          >
            <View
              style={
                Array [
                  Object {
                    "alignItems": "center",
                    "display": "flex",
                    "justifyContent": "center",
                    "width": "100%",
                  },
                  Array [
                    Object {
                      "backgroundColor": "#5E44AE",
                      "borderRadius": 8,
                      "height": 60,
                      "marginTop": 8,
                      "paddingVertical": 16,
                    },
                  ],
                ]
              }
            >
              <Text
                style={
                  Array [
                    Object {
                      "color": "#F0F2F3",
                      "display": "flex",
                      "fontFamily": "Inter-SemiBold",
                      "fontSize": 20,
                    },
                  ]
                }
              >
                Exit Experiment
              </Text>
            </View>
          </View>
        </View>
      </View>
    </RCTSafeAreaView>
  </View>
</RCTScrollView>
`;
