// Jest Snapshot v1, https://goo.gl/fbAQLP

exports[`Text Renders Correctly 1`] = `
<RCTScrollView
  collapsable={false}
  contentInsetAdjustmentBehavior="automatic"
  onGestureHandlerEvent={[Function]}
  onGestureHandlerStateChange={[Function]}
  style={
    Object {
      "height": "100%",
      "position": "absolute",
    }
  }
>
  <View>
    <RCTSafeAreaView
      emulateUnlessSupported={true}
      flex={1}
      style={
        Array [
          Object {},
        ]
      }
    >
      <View
        style={
          Array [
            Object {
              "display": "flex",
              "paddingBottom": 24,
              "paddingHorizontal": 24,
              "paddingTop": 40,
            },
          ]
        }
      >
        <View
          accessible={true}
          focusable={true}
          onClick={[Function]}
          onResponderGrant={[Function]}
          onResponderMove={[Function]}
          onResponderRelease={[Function]}
          onResponderTerminate={[Function]}
          onResponderTerminationRequest={[Function]}
          onStartShouldSetResponder={[Function]}
          style={
            Object {
              "flex": 0,
              "flexDirection": "row",
              "opacity": 1,
              "width": "100%",
            }
          }
          testID="AcceptButton"
        >
          <View
            style={
              Array [
                Object {
                  "alignItems": "center",
                  "display": "flex",
                  "justifyContent": "center",
                  "width": "100%",
                },
                Array [
                  Object {
                    "backgroundColor": "#5E44AE",
                    "borderRadius": 8,
                    "height": 60,
                    "marginTop": 8,
                    "paddingVertical": 16,
                  },
                ],
              ]
            }
          >
            <Text
              style={
                Array [
                  Object {
                    "color": "#FFFF",
                    "display": "flex",
                    "fontFamily": "Inter-SemiBold",
                    "fontSize": 20,
                  },
                ]
              }
            >
              I Accept T&C's
            </Text>
          </View>
        </View>
        <View
          accessible={true}
          focusable={true}
          onClick={[Function]}
          onResponderGrant={[Function]}
          onResponderMove={[Function]}
          onResponderRelease={[Function]}
          onResponderTerminate={[Function]}
          onResponderTerminationRequest={[Function]}
          onStartShouldSetResponder={[Function]}
          style={
            Object {
              "flex": 0,
              "flexDirection": "row",
              "opacity": 1,
              "width": "100%",
            }
          }
          testID="ExitButton"
        >
          <View
            style={
              Array [
                Object {
                  "alignItems": "center",
                  "display": "flex",
                  "justifyContent": "center",
                  "width": "100%",
                },
                Array [
                  Object {
                    "backgroundColor": "#ff4757",
                    "borderRadius": 8,
                    "marginTop": 8,
                    "paddingVertical": 16,
                  },
                ],
              ]
            }
          >
            <Text
              style={
                Array [
                  Object {
                    "color": "#FFFF",
                    "display": "flex",
                    "fontFamily": "Inter-SemiBold",
                    "fontSize": 20,
                  },
                ]
              }
            >
              Decline and Exit
            </Text>
          </View>
        </View>
      </View>
    </RCTSafeAreaView>
  </View>
</RCTScrollView>
`;
